me@192:~/Desktop/Programin/DarkSkills$ git branch -M main
me@192:~/Desktop/Programin/DarkSkills$ git branch 
me@192:~/Desktop/Programin/DarkSkills$ git remote add origin https://github.com/Mr-Ndi/DarkSkills.git
me@192:~/Desktop/Programin/DarkSkills$ git add .
me@192:~/Desktop/Programin/DarkSkills$ git commit -m "Initial commit for DarkSkills repository"
[main (root-commit) aad2bd1] Initial commit for DarkSkills repository
 2 files changed, 54 insertions(+)
 create mode 100644 Web-Scrapper/courses.html
 create mode 100644 Web-Scrapper/main.py
me@192:~/Desktop/Programin/DarkSkills$ git push -u origin main
fatal: cannot exec '/usr/bin/ksshaskpass': No such file or directory
Username for 'https://github.com': Mr-Ndi
fatal: cannot exec '/usr/bin/ksshaskpass': No such file or directory
Password for 'https://Mr-Ndi@github.com': 
remote: Support for password authentication was removed on August 13, 2021.
remote: Please see https://docs.github.com/get-started/getting-started-with-git/about-remote-repositories#cloning-with-https-urls for information on currently recommended modes of authentication.
fatal: Authentication failed for 'https://github.com/Mr-Ndi/DarkSkills.git/'
me@192:~/Desktop/Programin/DarkSkills$ git remote -v
origin	https://github.com/Mr-Ndi/DarkSkills.git (fetch)
origin	https://github.com/Mr-Ndi/DarkSkills.git (push)
me@192:~/Desktop/Programin/DarkSkills$ ohereza.sh 
--------------------------------------------------------------
Adding all modified files...
--------------------------------------------------------------
Enter commit message: Initial commit for DarkSkills repository
--------------------------------------------------------------
Committing changes...
On branch main
nothing to commit, working tree clean
--------------------------------------------------------------
Pulling the latest changes from the remote repository...
remote: Enumerating objects: 3, done.
remote: Counting objects: 100% (3/3), done.
remote: Compressing objects: 100% (2/2), done.
remote: Total 3 (delta 0), reused 0 (delta 0), pack-reused 0 (from 0)
Unpacking objects: 100% (3/3), 1.04 KiB | 1.04 MiB/s, done.
From https://github.com/Mr-Ndi/DarkSkills
 * [new branch]      main       -> origin/main
There is no tracking information for the current branch.
Please specify which branch you want to rebase against.
See git-pull(1) for details.

    git pull <remote> <branch>

If you wish to set tracking information for this branch you can do so with:

    git branch --set-upstream-to=origin/<branch> main

--------------------------------------------------------------
Pushing the changes to the remote repository...
fatal: The current branch main has no upstream branch.
To push the current branch and set the remote as upstream, use

    git push --set-upstream origin main

To have this happen automatically for branches without a tracking
upstream, see 'push.autoSetupRemote' in 'git help config'.

--------------------------------------------------------------
Push failed. Please check for errors.
me@192:~/Desktop/Programin/DarkSkills$ 

